Reading netlist file: "\\wsl.localhost\Ubuntu\home\matrixxx\Code\Study\CompSec\Labs5stYear\hardware_impl_crypto\lab3\fpga_project\Documents\lab3\impl\gwsynthesis\lab3.vg"
Parsing netlist file "\\wsl.localhost\Ubuntu\home\matrixxx\Code\Study\CompSec\Labs5stYear\hardware_impl_crypto\lab3\fpga_project\Documents\lab3\impl\gwsynthesis\lab3.vg" completed
Processing netlist completed
Reading constraint file: "\\wsl.localhost\Ubuntu\home\matrixxx\Code\Study\CompSec\Labs5stYear\hardware_impl_crypto\lab3\fpga_project\Documents\lab3\src\pins.cst"
Physical Constraint parsed completed
Running placement......
[10%] Placement Phase 0 completed
[20%] Placement Phase 1 completed
[30%] Placement Phase 2 completed
[50%] Placement Phase 3 completed
Running routing......
[60%] Routing Phase 0 completed
[70%] Routing Phase 1 completed
[80%] Routing Phase 2 completed
[90%] Routing Phase 3 completed
Running timing analysis......
[95%] Timing analysis completed
Placement and routing completed
Bitstream generation in progress......
Bitstream generation completed
Running power analysis......
[100%] Power analysis completed
Generate file "\\wsl.localhost\Ubuntu\home\matrixxx\Code\Study\CompSec\Labs5stYear\hardware_impl_crypto\lab3\fpga_project\Documents\lab3\impl\pnr\lab3.power.html" completed
Generate file "\\wsl.localhost\Ubuntu\home\matrixxx\Code\Study\CompSec\Labs5stYear\hardware_impl_crypto\lab3\fpga_project\Documents\lab3\impl\pnr\lab3.pin.html" completed
Generate file "\\wsl.localhost\Ubuntu\home\matrixxx\Code\Study\CompSec\Labs5stYear\hardware_impl_crypto\lab3\fpga_project\Documents\lab3\impl\pnr\lab3.rpt.html" completed
Generate file "\\wsl.localhost\Ubuntu\home\matrixxx\Code\Study\CompSec\Labs5stYear\hardware_impl_crypto\lab3\fpga_project\Documents\lab3\impl\pnr\lab3.rpt.txt" completed
Generate file "\\wsl.localhost\Ubuntu\home\matrixxx\Code\Study\CompSec\Labs5stYear\hardware_impl_crypto\lab3\fpga_project\Documents\lab3\impl\pnr\lab3.tr.html" completed
Mon Nov  3 09:25:39 2025

